python : Creating test database for alias 'default'...
At line:1 char:44
+ ... sers\hp\Desktop\k.junior school" ; python manage.py test 2>&1 | Out-F ...
+                                        ~~~~~~~~~~~~~~~~~~~~~~~~~~
    + CategoryInfo          : NotSpecified: (Creating test d...as 'default'... 
   :String) [], RemoteException
    + FullyQualifiedErrorId : NativeCommandError
 

...E....FE......F.......F..
======================================================================
ERROR: test_student_signup_and_login 
(core.tests.FullFlowTest.test_student_signup_and_login)
Test student signup and login flow
----------------------------------------------------------------------
Traceback (most recent call last):
  File "C:\Users\hp\Desktop\k.junior school\core\tests.py", line 488, in 
test_student_signup_and_login
    user = User.objects.get(username='johndoe')
  File "C:\Users\hp\AppData\Local\Python\pythoncore-3.14-64\Lib\site-packages\d
jango\db\models\manager.py", line 87, in manager_method
    return getattr(self.get_queryset(), name)(*args, **kwargs)
           ~~~~~~~~~~~~~~~~~~~~~~~~~~~~~~~~~~^^^^^^^^^^^^^^^^^
  File "C:\Users\hp\AppData\Local\Python\pythoncore-3.14-64\Lib\site-packages\d
jango\db\models\query.py", line 639, in get
    raise self.model.DoesNotExist(
        "%s matching query does not exist." % self.model._meta.object_name
    )
django.contrib.auth.models.User.DoesNotExist: User matching query does not 
exist.

======================================================================
ERROR: test_mark_grade_calculation 
(core.tests.MarkModelTest.test_mark_grade_calculation)
Test automatic grade calculation
----------------------------------------------------------------------
Traceback (most recent call last):
  File "C:\Users\hp\AppData\Local\Python\pythoncore-3.14-64\Lib\site-packages\d
jango\db\backends\utils.py", line 105, in _execute
    return self.cursor.execute(sql, params)
           ~~~~~~~~~~~~~~~~~~~^^^^^^^^^^^^^
  File "C:\Users\hp\AppData\Local\Python\pythoncore-3.14-64\Lib\site-packages\d
jango\db\backends\sqlite3\base.py", line 359, in execute
    return super().execute(query, params)
           ~~~~~~~~~~~~~~~^^^^^^^^^^^^^^^
sqlite3.IntegrityError: UNIQUE constraint failed: core_mark.student_id, 
core_mark.subject_id, core_mark.term, core_mark.year

The above exception was the direct cause of the following exception:

Traceback (most recent call last):
  File "C:\Users\hp\Desktop\k.junior school\core\tests.py", line 175, in 
test_mark_grade_calculation
    mark = Mark.objects.create(
        student=self.student,
    ...<5 lines>...
        added_by=self.teacher
    )
  File "C:\Users\hp\AppData\Local\Python\pythoncore-3.14-64\Lib\site-packages\d
jango\db\models\manager.py", line 87, in manager_method
    return getattr(self.get_queryset(), name)(*args, **kwargs)
           ~~~~~~~~~~~~~~~~~~~~~~~~~~~~~~~~~~^^^^^^^^^^^^^^^^^
  File "C:\Users\hp\AppData\Local\Python\pythoncore-3.14-64\Lib\site-packages\d
jango\db\models\query.py", line 669, in create
    obj.save(force_insert=True, using=self.db)
    ~~~~~~~~^^^^^^^^^^^^^^^^^^^^^^^^^^^^^^^^^^
  File "C:\Users\hp\Desktop\k.junior school\core\models.py", line 100, in save
    super().save(*args, **kwargs)
    ~~~~~~~~~~~~^^^^^^^^^^^^^^^^^
  File "C:\Users\hp\AppData\Local\Python\pythoncore-3.14-64\Lib\site-packages\d
jango\db\models\base.py", line 874, in save
    self.save_base(
    ~~~~~~~~~~~~~~^
        using=using,
        ^^^^^^^^^^^^
    ...<2 lines>...
        update_fields=update_fields,
        ^^^^^^^^^^^^^^^^^^^^^^^^^^^^
    )
    ^
  File "C:\Users\hp\AppData\Local\Python\pythoncore-3.14-64\Lib\site-packages\d
jango\db\models\base.py", line 966, in save_base
    updated = self._save_table(
        raw,
    ...<4 lines>...
        update_fields,
    )
  File "C:\Users\hp\AppData\Local\Python\pythoncore-3.14-64\Lib\site-packages\d
jango\db\models\base.py", line 1169, in _save_table
    results = self._do_insert(
        cls._base_manager, using, insert_fields, returning_fields, raw
    )
  File "C:\Users\hp\AppData\Local\Python\pythoncore-3.14-64\Lib\site-packages\d
jango\db\models\base.py", line 1220, in _do_insert
    return manager._insert(
           ~~~~~~~~~~~~~~~^
        [self],
        ^^^^^^^
    ...<3 lines>...
        raw=raw,
        ^^^^^^^^
    )
    ^
  File "C:\Users\hp\AppData\Local\Python\pythoncore-3.14-64\Lib\site-packages\d
jango\db\models\manager.py", line 87, in manager_method
    return getattr(self.get_queryset(), name)(*args, **kwargs)
           ~~~~~~~~~~~~~~~~~~~~~~~~~~~~~~~~~~^^^^^^^^^^^^^^^^^
  File "C:\Users\hp\AppData\Local\Python\pythoncore-3.14-64\Lib\site-packages\d
jango\db\models\query.py", line 1918, in _insert
    return query.get_compiler(using=using).execute_sql(returning_fields)
           ~~~~~~~~~~~~~~~~~~~~~~~~~~~~~~~~~~~~~~~~~~~^^^^^^^^^^^^^^^^^^
  File "C:\Users\hp\AppData\Local\Python\pythoncore-3.14-64\Lib\site-packages\d
jango\db\models\sql\compiler.py", line 1925, in execute_sql
    cursor.execute(sql, params)
    ~~~~~~~~~~~~~~^^^^^^^^^^^^^
  File "C:\Users\hp\AppData\Local\Python\pythoncore-3.14-64\Lib\site-packages\d
jango\db\backends\utils.py", line 79, in execute
    return self._execute_with_wrappers(
           ~~~~~~~~~~~~~~~~~~~~~~~~~~~^
        sql, params, many=False, executor=self._execute
        ^^^^^^^^^^^^^^^^^^^^^^^^^^^^^^^^^^^^^^^^^^^^^^^
    )
    ^
  File "C:\Users\hp\AppData\Local\Python\pythoncore-3.14-64\Lib\site-packages\d
jango\db\backends\utils.py", line 92, in _execute_with_wrappers
    return executor(sql, params, many, context)
  File "C:\Users\hp\AppData\Local\Python\pythoncore-3.14-64\Lib\site-packages\d
jango\db\backends\utils.py", line 100, in _execute
    with self.db.wrap_database_errors:
         ^^^^^^^^^^^^^^^^^^^^^^^^^^^^
  File "C:\Users\hp\AppData\Local\Python\pythoncore-3.14-64\Lib\site-packages\d
jango\db\utils.py", line 94, in __exit__
    raise dj_exc_value.with_traceback(traceback) from exc_value
  File "C:\Users\hp\AppData\Local\Python\pythoncore-3.14-64\Lib\site-packages\d
jango\db\backends\utils.py", line 105, in _execute
    return self.cursor.execute(sql, params)
           ~~~~~~~~~~~~~~~~~~~^^^^^^^^^^^^^
  File "C:\Users\hp\AppData\Local\Python\pythoncore-3.14-64\Lib\site-packages\d
jango\db\backends\sqlite3\base.py", line 359, in execute
    return super().execute(query, params)
           ~~~~~~~~~~~~~~~^^^^^^^^^^^^^^^
django.db.utils.IntegrityError: UNIQUE constraint failed: 
core_mark.student_id, core_mark.subject_id, core_mark.term, core_mark.year

======================================================================
FAIL: test_create_mark (core.tests.MarkModelTest.test_create_mark)
Test creating a mark record
----------------------------------------------------------------------
Traceback (most recent call last):
  File "C:\Users\hp\Desktop\k.junior school\core\tests.py", line 161, in 
test_create_mark
    self.assertEqual(mark.grade, 'B')  # 85.5% = B grade
    ~~~~~~~~~~~~~~~~^^^^^^^^^^^^^^^^^
AssertionError: 'A' != 'B'
- A
+ B


======================================================================
FAIL: test_password_mismatch 
(core.tests.StudentSignupFormTest.test_password_mismatch)
Test password mismatch validation
----------------------------------------------------------------------
Traceback (most recent call last):
  File "C:\Users\hp\Desktop\k.junior school\core\tests.py", line 327, in 
test_password_mismatch
    self.assertIn('non_field_errors', form.errors)
    ~~~~~~~~~~~~~^^^^^^^^^^^^^^^^^^^^^^^^^^^^^^^^^
AssertionError: 'non_field_errors' not found in {'__all__': ['Passwords do not 
match.']}

======================================================================
FAIL: test_dashboard_requires_login 
(core.tests.ViewsTest.test_dashboard_requires_login)
Test dashboard requires login
Found 27 test(s).
System check identified no issues (0 silenced).
----------------------------------------------------------------------
Traceback (most recent call last):
  File "C:\Users\hp\Desktop\k.junior school\core\tests.py", line 451, in 
test_dashboard_requires_login
    self.assertIn('login', response.url)
    ~~~~~~~~~~~~~^^^^^^^^^^^^^^^^^^^^^^^
AssertionError: 'login' not found in '/?next=/dashboard/'

----------------------------------------------------------------------
Ran 27 tests in 68.238s

FAILED (failures=3, errors=2)
Destroying test database for alias 'default'...

